Microsoft (R) Macro Assembler Version 14.29.30138.0	    03/02/22 22:47:11
<Project 6: String Primitives and Macros     (Proj6_bearan.a  Page 1 - 1


				TITLE Project 6: String Primitives and Macros     (Proj6_bearan.asm)

				; Author: Andrew Bear
				; Last Modified: 27Feb2022
				; OSU email address: bearan@oregonstate.edu
				; Course number/section:   CS271 Section 406
				; Project Number: 6                Due Date: 13Mar2022
				; Description:	This program centers around the creation of two procedures - ReadVal and WriteVal 
				; that mimic the Irvine Library ReadInt and WriteInt, using macros and string primitives to achieve 
				; this functionality without using any int- or dec-writing irvine prodecures. 

				INCLUDE Irvine32.inc
			      C ; Include file for Irvine32.lib             (Irvine32.inc)
			      C 
			      C ;OPTION CASEMAP:NONE		; optional: make identifiers case-sensitive
			      C 
			      C INCLUDE SmallWin.inc		; MS-Windows prototypes, structures, and constants
			      C .NOLIST
			      C .LIST
			      C 
			      C INCLUDE VirtualKeys.inc
			      C ; VirtualKeys.inc
			      C .NOLIST
			      C .LIST
			      C 
			      C 
			      C .NOLIST
			      C .LIST
			      C 

				; (insert macro definitions here)
				;---------------------------------------------------------------------------------------------
				; Name: mGetString
				;
				; Outputs prompt, and calls Irvine ReadString to read response into memory
				;
				; Receives: prompt -- OFFSET of prompt to display
				;			targetLoc -- output location 
				;			maxLength -- Length of user input (required for Irvine ReadString)
				; Returns: screen output of string
				;----------------------------------------------------------------------------------------------
				mGetString MACRO prompt, targetLoc, maxLength
					PUSH	EAX
					PUSH	ECX						; preserve registers
					PUSH	EDX

				; display prompt
					mDisplayString prompt

				; set up and call ReadString
					MOV		EDX, targetLoc			; set up and call ReadString
					MOV		ECX, maxLength
					CALL	ReadString

					POP		EDX						; restore registers
					POP		ECX
					POP		EAX
				ENDM

				;---------------------------------------------------------------------------------------------
				; Name: mDisplayString
				;
				; Calls WriteString on the supplied address
				;
				; Receives: OFFSET of string to display
				; Returns: screen output of string
				;----------------------------------------------------------------------------------------------
				mDisplayString MACRO stringOffset		; param - offset of string to print
					PUSH	EDX							; uses EDX so we protect it

					MOV		EDX, stringOffset			; standard writeString call
					CALL	WriteString

					POP		EDX
				ENDM

				; (insert constant definitions here)
 = 0000000A			ARRAYLENGTH		=	10					; numer of ints to get - math is correct if tweaked!
 = 0000000B			MAXCHARS		=	11					; a SDWORD int can only be 11 chars long, -2,147,483,648
 = 00000010			USERSTRLENGTH	=	16					; the user gets this much space to enter characters. More than they need.


 00000000			.data
				; greeting/program/exit prompts
 00000000 50 72 6F 6A 65	greeting	BYTE	"Project 6: String Primitives and Macros.",13,10
	   63 74 20 36 3A
	   20 53 74 72 69
	   6E 67 20 50 72
	   69 6D 69 74 69
	   76 65 73 20 61
	   6E 64 20 4D 61
	   63 72 6F 73 2E
	   0D 0A
 0000002A  50 72 6F 67 72				BYTE	"Programmed by A. Bear",13,10,13,10
	   61 6D 6D 65 64
	   20 62 79 20 41
	   2E 20 42 65 61
	   72 0D 0A 0D 0A
 00000043  2A 2A 45 43 3A				BYTE	"**EC: Numbers the entry lines and displays a running total.",13,10
	   20 4E 75 6D 62
	   65 72 73 20 74
	   68 65 20 65 6E
	   74 72 79 20 6C
	   69 6E 65 73 20
	   61 6E 64 20 64
	   69 73 70 6C 61
	   79 73 20 61 20
	   72 75 6E 6E 69
	   6E 67 20 74 6F
	   74 61 6C 2E 0D
	   0A
 00000080  2A 2A 45 43 3A				BYTE	"**EC: HAHAHAHAAH MAYBE IN ANOTHER LIFE.",13,10,13,10
	   20 48 41 48 41
	   48 41 48 41 41
	   48 20 4D 41 59
	   42 45 20 49 4E
	   20 41 4E 4F 54
	   48 45 52 20 4C
	   49 46 45 2E 0D
	   0A 0D 0A
 000000AB  54 68 69 73 20				BYTE	"This program will ask you for 10 signed decimal integers.",13,10
	   70 72 6F 67 72
	   61 6D 20 77 69
	   6C 6C 20 61 73
	   6B 20 79 6F 75
	   20 66 6F 72 20
	   31 30 20 73 69
	   67 6E 65 64 20
	   64 65 63 69 6D
	   61 6C 20 69 6E
	   74 65 67 65 72
	   73 2E 0D 0A
 000000E6  45 61 63 68 20				BYTE	"Each integer must fit into a 32-bit register (-2,147,483,648 to 2,147,483,647).",13,10
	   69 6E 74 65 67
	   65 72 20 6D 75
	   73 74 20 66 69
	   74 20 69 6E 74
	   6F 20 61 20 33
	   32 2D 62 69 74
	   20 72 65 67 69
	   73 74 65 72 20
	   28 2D 32 2C 31
	   34 37 2C 34 38
	   33 2C 36 34 38
	   20 74 6F 20 32
	   2C 31 34 37 2C
	   34 38 33 2C 36
	   34 37 29 2E 0D
	   0A
 00000137  4F 6E 63 65 20				BYTE	"Once you're done entering integers, the program will display a list",13,10
	   79 6F 75 27 72
	   65 20 64 6F 6E
	   65 20 65 6E 74
	   65 72 69 6E 67
	   20 69 6E 74 65
	   67 65 72 73 2C
	   20 74 68 65 20
	   70 72 6F 67 72
	   61 6D 20 77 69
	   6C 6C 20 64 69
	   73 70 6C 61 79
	   20 61 20 6C 69
	   73 74 0D 0A
 0000017C  6F 66 20 74 68				BYTE	"of the integers, the sum of the integers, and the average of the values.",13,10
	   65 20 69 6E 74
	   65 67 65 72 73
	   2C 20 74 68 65
	   20 73 75 6D 20
	   6F 66 20 74 68
	   65 20 69 6E 74
	   65 67 65 72 73
	   2C 20 61 6E 64
	   20 74 68 65 20
	   61 76 65 72 61
	   67 65 20 6F 66
	   20 74 68 65 20
	   76 61 6C 75 65
	   73 2E 0D 0A
 000001C6  53 61 6C 6D 6F				BYTE	"Salmon on the bank / curing in the sun for days / eat them up yum yum ~A bear",13,10,13,10,0
	   6E 20 6F 6E 20
	   74 68 65 20 62
	   61 6E 6B 20 2F
	   20 63 75 72 69
	   6E 67 20 69 6E
	   20 74 68 65 20
	   73 75 6E 20 66
	   6F 72 20 64 61
	   79 73 20 2F 20
	   65 61 74 20 74
	   68 65 6D 20 75
	   70 20 79 75 6D
	   20 79 75 6D 20
	   7E 41 20 62 65
	   61 72 0D 0A 0D
	   0A 00
 00000218 3A 20 50 6C 65	numEntry	BYTE	": Please enter a signed integer: ",0
	   61 73 65 20 65
	   6E 74 65 72 20
	   61 20 73 69 67
	   6E 65 64 20 69
	   6E 74 65 67 65
	   72 3A 20 00
 0000023A 20 20 20 53 6F	invalidNum	BYTE	32,32,32,"Something's wrong with your entry.",13,10,0
	   6D 65 74 68 69
	   6E 67 27 73 20
	   77 72 6F 6E 67
	   20 77 69 74 68
	   20 79 6F 75 72
	   20 65 6E 74 72
	   79 2E 0D 0A 00
 00000262 20 20 20 50 6C	tryAgain	BYTE	32,32,32,"Please try again: ",0
	   65 61 73 65 20
	   74 72 79 20 61
	   67 61 69 6E 3A
	   20 00
 00000278 0D 0A 48 65 72	numsEntered	BYTE	13,10,"Here are your numbers, all in a nice row:",13,10,0
	   65 20 61 72 65
	   20 79 6F 75 72
	   20 6E 75 6D 62
	   65 72 73 2C 20
	   61 6C 6C 20 69
	   6E 20 61 20 6E
	   69 63 65 20 72
	   6F 77 3A 0D 0A
	   00
 000002A6 0D 0A 54 68 65	numSum		BYTE	13,10,"The total sum of your numbers is: ",0
	   20 74 6F 74 61
	   6C 20 73 75 6D
	   20 6F 66 20 79
	   6F 75 72 20 6E
	   75 6D 62 65 72
	   73 20 69 73 3A
	   20 00
 000002CB 0D 0A 54 68 65	numAverage	BYTE	13,10,"The truncated average of your numbers is: ",0
	   20 74 72 75 6E
	   63 61 74 65 64
	   20 61 76 65 72
	   61 67 65 20 6F
	   66 20 79 6F 75
	   72 20 6E 75 6D
	   62 65 72 73 20
	   69 73 3A 20 00
 000002F8 0D 0A 0D 0A 47	byePrompt	BYTE	13,10,13,10,"Goodbye, and thanks for all the fish! ROAR!",13,10,0
	   6F 6F 64 62 79
	   65 2C 20 61 6E
	   64 20 74 68 61
	   6E 6B 73 20 66
	   6F 72 20 61 6C
	   6C 20 74 68 65
	   20 66 69 73 68
	   21 20 52 4F 41
	   52 21 0D 0A 00

 0000032A 20 20 20 4E 75	subTotMsg	BYTE	32,32,32,"Number Accepted! Your subtotal so far is: ",0
	   6D 62 65 72 20
	   41 63 63 65 70
	   74 65 64 21 20
	   59 6F 75 72 20
	   73 75 62 74 6F
	   74 61 6C 20 73
	   6F 20 66 61 72
	   20 69 73 3A 20
	   00

 00000358 5B 00			oBracket	BYTE	"[",0
 0000035A 5D 00			cBracket	BYTE	"]",0
 0000035C 2C 20 00		comma		BYTE	", ",0
 0000035F 0D 0A 00		linebreak	BYTE	13,10,0

				; variables
 00000362  0000000A [		numArray	SDWORD	ARRAYLENGTH DUP(?)			; array for holding the user's entered values
	    00000000
	   ]

				; variables for readVal
 0000038A 2D 32 31 34 37	specialNum	BYTE	"-2147483648",0,0,0,0,0,0   ; This damn number. Plus padding zeroes
	   34 38 33 36 34
	   38 00 00 00 00
	   00 00
 0000039B 00000001		validVal	SDWORD	1							; used as flag to check for valid readVal return
 0000039F 00000000		userVal		SDWORD	0							; user's converted value will be here
 000003A3  00000010 [		userString	BYTE	USERSTRLENGTH DUP(?)		; string to hold the string user enters.
	    00
	   ]
 000003B3  00000005 [		padding		BYTE	5 DUP(0)					; don't want overrun by some fluke
	    00
	   ]

				; variables for writeVal
 000003B8  0000000D [		tempArray	BYTE	(MAXCHARS + 2) DUP(0)		; array used as scratch by writeVal -- 12 characters, plus padding 0
	    00
	   ]

				; EC variables
 000003C5 00000000		runTotal	SDWORD	?							; running total sum

				; final calcs
 000003C9 00000000		sumValues	SDWORD	?
 000003CD 00000000		avgValues	SDWORD	?


 00000000			.code
 00000000			main PROC
				; display greeting prompt
					mDisplayString	OFFSET greeting
 00000000  52		     1		PUSH	EDX							; uses EDX so we protect it
 00000001  BA 00000000 R     1		MOV		EDX, OFFSET greeting			; standard writeString call
 00000006  E8 00000000 E     1		CALL	WriteString
 0000000B  5A		     1		POP		EDX

				; ===============================================================
				; Here is the loop to fill the array
				; ===============================================================
 0000000C  BF 00000362 R		MOV		EDI, OFFSET numArray			; dest is start of array
 00000011  B9 00000001			MOV		ECX, 1

				; loop re-entrance point
 00000016			_fillArray:
				; number the output line and display prompt
 00000016  8B C1			MOV		EAX, ECX						; current line

 00000018  68 000003B8 R		PUSH	OFFSET tempArray				; scratch array for working in
 0000001D  50				PUSH	EAX								; push value to print out
 0000001E  E8 000002A1			CALL	writeVal						; actual CALL

				; make readVal call to get user input -- stored in userVal if successful
 00000023  68 00000218 R		PUSH	OFFSET numEntry					; EBP+24 -- prompt to print for entry
 00000028  68 0000038A R		PUSH	OFFSET specialNum				; EBP+20 -- the special case number I hate, string form
 0000002D  68 0000039B R		PUSH	OFFSET validVal					; EBP+16 -- BOOLEAN FOR SUCCESS/FAILURE
 00000032  68 0000039F R		PUSH	OFFSET userVal					; EBP+12 -- holds the SDWORD value of the user's string
 00000037  68 000003A3 R		PUSH	OFFSET userString				; EBP+8	 -- Scratch, holds string user enters
 0000003C  E8 0000012C			CALL	readVal

				; check result boolean for valid value
 00000041  83 3D 0000039B R		CMP		validVal, 1
	   01
 00000048  74 33			JE		_validValue						; got it!

 0000004A			_invalidValue:
				; invalid value found, ask again:
					mDisplayString OFFSET invalidNum
 0000004A  52		     1		PUSH	EDX							; uses EDX so we protect it
 0000004B  BA 0000023A R     1		MOV		EDX, OFFSET invalidNum			; standard writeString call
 00000050  E8 00000000 E     1		CALL	WriteString
 00000055  5A		     1		POP		EDX

					; make readVal call to get user input -- stored in userVal if successful
 00000056  68 00000262 R		PUSH	OFFSET tryAgain					; EBP+24 -- prompt to print for entry
 0000005B  68 0000038A R		PUSH	OFFSET specialNum				; EBP+20 -- the special case number I hate, string form
 00000060  68 0000039B R		PUSH	OFFSET validVal					; EBP+16 -- BOOLEAN FOR SUCCESS/FAILURE
 00000065  68 0000039F R		PUSH	OFFSET userVal					; EBP+12 -- holds the SDWORD value of the user's string
 0000006A  68 000003A3 R		PUSH	OFFSET userString				; EBP+8	 -- Scratch, holds string user enters
 0000006F  E8 000000F9			CALL	readVal

 00000074  83 3D 0000039B R		CMP		validVal, 0
	   00
 0000007B  74 CD			JE		_invalidValue

				; we just got a valid value, so we jump here:
 0000007D			_validValue:
 0000007D  A1 0000039F R		MOV		EAX, userVal					; get the result
					
 00000082  89 07			MOV		[EDI], EAX						; store it in array

 00000084  01 05 000003C5 R		ADD		runTotal, EAX					; add it to the running total
					
 0000008A  41				INC		ECX								; next loop value
 0000008B  83 C7 04			ADD		EDI, TYPE numArray				; move EDI to next array location

 0000008E  83 F9 0A			CMP		ECX, ARRAYLENGTH				; have we gotten enough numbers?
 00000091  7F 39			JG		_doneFill

				; Display running subtotal
					mDisplayString	OFFSET subTotMsg
 00000093  52		     1		PUSH	EDX							; uses EDX so we protect it
 00000094  BA 0000032A R     1		MOV		EDX, OFFSET subTotMsg			; standard writeString call
 00000099  E8 00000000 E     1		CALL	WriteString
 0000009E  5A		     1		POP		EDX
 0000009F  A1 000003C5 R		MOV		EAX, runTotal

 000000A4  68 000003B8 R		PUSH	OFFSET tempArray				; scratch array for working in
 000000A9  50				PUSH	EAX								; push value to print out
 000000AA  E8 00000215			CALL	writeVal						; actual CALL

					mDisplayString	OFFSET linebreak		; I BUILT THIS MACRO I'M GONNA USE IT
 000000AF  52		     1		PUSH	EDX							; uses EDX so we protect it
 000000B0  BA 0000035F R     1		MOV		EDX, OFFSET linebreak			; standard writeString call
 000000B5  E8 00000000 E     1		CALL	WriteString
 000000BA  5A		     1		POP		EDX
					mDisplayString	OFFSET linebreak		; CALL CRLF IS FOR CHUMPS
 000000BB  52		     1		PUSH	EDX							; uses EDX so we protect it
 000000BC  BA 0000035F R     1		MOV		EDX, OFFSET linebreak			; standard writeString call
 000000C1  E8 00000000 E     1		CALL	WriteString
 000000C6  5A		     1		POP		EDX

 000000C7  E9 FFFFFF4A			JMP		_fillArray

				; =========================================================================================
				; Done filling the array, so here we display the resulting array, and the total and average
				; =========================================================================================
 000000CC			_doneFill:
					mDisplayString	OFFSET numsEntered		; array display prompt
 000000CC  52		     1		PUSH	EDX							; uses EDX so we protect it
 000000CD  BA 00000278 R     1		MOV		EDX, OFFSET numsEntered			; standard writeString call
 000000D2  E8 00000000 E     1		CALL	WriteString
 000000D7  5A		     1		POP		EDX
					
					mDisplayString	OFFSET oBracket			; opening bracket
 000000D8  52		     1		PUSH	EDX							; uses EDX so we protect it
 000000D9  BA 00000358 R     1		MOV		EDX, OFFSET oBracket			; standard writeString call
 000000DE  E8 00000000 E     1		CALL	WriteString
 000000E3  5A		     1		POP		EDX

 000000E4  BE 00000362 R		MOV		ESI, OFFSET numArray			; offset of first element
 000000E9  B9 0000000A			MOV		ECX, ARRAYLENGTH				; count of loops to run

				; loop to display elements
 000000EE			_displayLoop:
 000000EE  AD				LODSD									; load the element to EAX
 000000EF  01 05 000003C9 R		ADD		sumValues, EAX					; add it to our sum

				; display the current element
 000000F5  68 000003B8 R		PUSH	OFFSET tempArray				; scratch array for working in
 000000FA  50				PUSH	EAX								; push value to print out
 000000FB  E8 000001C4			CALL	writeVal						; actual CALL

				; test if last loop, 
 00000100  83 F9 01			CMP		ECX, 1
 00000103  74 0E			JE		_endDisplay

				; if not, write comma and loop again
					mDisplayString	OFFSET comma
 00000105  52		     1		PUSH	EDX							; uses EDX so we protect it
 00000106  BA 0000035C R     1		MOV		EDX, OFFSET comma			; standard writeString call
 0000010B  E8 00000000 E     1		CALL	WriteString
 00000110  5A		     1		POP		EDX
 00000111  E2 DB			LOOP	_displayLoop

				; terminating the array, print the closing bracket 
 00000113			_endDisplay:
					mDisplayString	OFFSET cBracket			; print closing bracket
 00000113  52		     1		PUSH	EDX							; uses EDX so we protect it
 00000114  BA 0000035A R     1		MOV		EDX, OFFSET cBracket			; standard writeString call
 00000119  E8 00000000 E     1		CALL	WriteString
 0000011E  5A		     1		POP		EDX

				; here we display the sum
					mDisplayString 	OFFSET numSum			; sum prompt
 0000011F  52		     1		PUSH	EDX							; uses EDX so we protect it
 00000120  BA 000002A6 R     1		MOV		EDX, OFFSET numSum			; standard writeString call
 00000125  E8 00000000 E     1		CALL	WriteString
 0000012A  5A		     1		POP		EDX

 0000012B  A1 000003C9 R		MOV		EAX,	sumValues				; sum to EAX

 00000130  68 000003B8 R		PUSH	OFFSET tempArray				; print sum of values
 00000135  50				PUSH	EAX
 00000136  E8 00000189			CALL	writeVal

				; here we display the average
					mDisplayString	OFFSET numAverage		; avg prompt
 0000013B  52		     1		PUSH	EDX							; uses EDX so we protect it
 0000013C  BA 000002CB R     1		MOV		EDX, OFFSET numAverage			; standard writeString call
 00000141  E8 00000000 E     1		CALL	WriteString
 00000146  5A		     1		POP		EDX

 00000147  99				CDQ										; div by ARRAYLENGTH to find average
 00000148  BB 0000000A			MOV		EBX,	ARRAYLENGTH
 0000014D  F7 FB			IDIV	EBX

 0000014F  68 000003B8 R		PUSH	OFFSET tempArray				; scratch array for working in
 00000154  50				PUSH	EAX								; we don't care about fractions, just print quotient
 00000155  E8 0000016A			CALL	writeVal						; actual CALL
					
					mDisplayString	OFFSET byePrompt
 0000015A  52		     1		PUSH	EDX							; uses EDX so we protect it
 0000015B  BA 000002F8 R     1		MOV		EDX, OFFSET byePrompt			; standard writeString call
 00000160  E8 00000000 E     1		CALL	WriteString
 00000165  5A		     1		POP		EDX

					Invoke	ExitProcess,0	; exit to operating system
 00000166  6A 00	   *	    push   +000000000h
 00000168  E8 00000000 E   *	    call   ExitProcess
 0000016D			main ENDP


				; (insert additional procedures here)
				;---------------------------------------------------------------------------------------------
				; Name: readVal
				;
				; Prompts user for value. Reads value as string, using mGetString macro. Checks the string for
				; invalid characters. Parses string by iteratively adding the digits*powers of ten  
				; as appropriaate. WHen conclusion is reached, sets the validVal boolean as appropriate,
				; and if a number was sucessfully entered, the number will be stored in the userVal variable.
				;
				; Preconditions:	Prompt to print exists. "special dude" character string exists.
				; Postconditions: 
				; Receives:			[EBP + 24] -- Offset of prompt to display
				;					[EBP + 20] -- our special boah -2147483648 in string form
				;					[EBP + 16] -- validVal boolean
				;					[EBP + 12] -- userVal variable; will be filled with SDWORD conversion
				;								  (iff successful!)
				;					[EBP + 8] -- userString; OFFSET of array to store the user's string 
				; Returns:			
				;----------------------------------------------------------------------------------------------
 0000016D			readVal PROC
				; declare LOCAL variables, for my sanity instead of needing offsets for EVERYTHING.
					LOCAL	isValid:DWORD, localValue:DWORD, posOrNeg:DWORD, stringLength:DWORD
 0000016D  55		   *	    push   ebp
 0000016E  8B EC	   *	    mov    ebp, esp
 00000170  83 C4 F0	   *	    add    esp, 0FFFFFFF0h
 00000173  60				PUSHAD											; we use so many... I hope the blunt instrument is allowed

				; mov 0 to isValid, and store it. Makes sure we have a failure by default
 00000174  C7 45 FC			MOV		isValid, 0
	   00000000
 0000017B  8B 45 FC			MOV		EAX, isValid
 0000017E  8B 5D 10			MOV		EBX, [EBP + 16]
 00000181  89 03			MOV		[EBX], EAX

 00000183  C7 45 F8			MOV		localValue, 0				; sum starts at 0
	   00000000
 0000018A  C7 45 F4			MOV		posOrNeg, 0					; -1 if first char is -, 1 if first char is +, 0 if first char is 0-9
	   00000000

				; get the string from the user woth mGetString
					mGetString	[EBP+24], [EBP + 8], USERSTRLENGTH
 00000191  50		     1		PUSH	EAX
 00000192  51		     1		PUSH	ECX						; preserve registers
 00000193  52		     1		PUSH	EDX
 00000194  52		     2		PUSH	EDX							; uses EDX so we protect it
 00000195  8B 55 18	     2		MOV		EDX, [EBP+24]			; standard writeString call
 00000198  E8 00000000 E     2		CALL	WriteString
 0000019D  5A		     2		POP		EDX
 0000019E  8B 55 08	     1		MOV		EDX, [EBP + 8]			; set up and call ReadString
 000001A1  B9 00000010	     1		MOV		ECX, USERSTRLENGTH
 000001A6  E8 00000000 E     1		CALL	ReadString
 000001AB  5A		     1		POP		EDX						; restore registers
 000001AC  59		     1		POP		ECX
 000001AD  58		     1		POP		EAX
					
				; ===============================================================
				; Here is the special case for -2147483648 string
				; ===============================================================
 000001AE  FC				CLD		
 000001AF  8B 7D 08			MOV		EDI, [EBP + 8]				; user string
 000001B2  8B 75 14			MOV		ESI, [EBP + 20]				; bastard -2147483648 string

 000001B5  B9 0000000C			MOV		ECX, 12
 000001BA			_scanForSpecial:
 000001BA  A6				CMPSB
 000001BB  75 15			JNE		_checkSign
 000001BD  E2 FB			LOOP	_scanForSpecial

				; rut roh, we found the thing!
 000001BF  C7 45 F8			MOV		localValue, -2147483648		; store, and skip to "valid" code
	   80000000
 000001C6  C7 45 FC			MOV		isValid, 1
	   00000001
 000001CD  E9 000000DD			JMP		_storeNum

				; ===============================================================
				; Here we test and set our personal sign flag
				; ===============================================================
 000001D2			_checkSign:
 000001D2  8B 75 08			MOV		ESI, [EBP + 8]				; user string
 000001D5  B8 00000000			MOV		EAX, 0
 000001DA  AC				LODSB

				; test the first character for validity, and is it a + or - sign?
 000001DB  83 F8 2B			CMP		EAX, 43						; is it an ASCII + symbol?
 000001DE  74 19			JE		_setPlus
 000001E0  83 F8 2D			CMP		EAX, 45						; is it an ASCII - symbol?
 000001E3  74 1D			JE		_setMinus
 000001E5  83 F8 30			CMP		EAX, 48						; does the caracter come before ASCII 0?
 000001E8  0F 82 000000C9		JB		_exitProcedure				; if so, terminaate with valid = 0
 000001EE  83 F8 39			CMP		EAX, 57						; does the caracter come after ASCII 9?
 000001F1  0F 87 000000C0		JA		_exitProcedure				; if so, terminaate with valid = 0

 000001F7  EB 10			JMP		_countString

				; code to set the sign flag
 000001F9			_setPlus:
 000001F9  C7 45 F4			MOV		posOrNeg, 1					; set flag 1 and start parsing
	   00000001
 00000200  EB 07			JMP		_countString
 00000202			_setMinus:	
 00000202  C7 45 F4			MOV		posOrNeg, -1				; set flag -1 and start parsing
	   FFFFFFFF


				; ===============================================================
				; Here we count the length of the string
				; ===============================================================
 00000209			_countString:
				;prep loop
 00000209  B9 00000000			MOV		ECX, 0						; start at 0
 0000020E  8B 75 08			MOV		ESI, [EBP + 8]				; user string

				; start loop
 00000211			_startCOunt:
 00000211  B8 00000000			MOV		EAX, 0						; null EAX
 00000216  AC				LODSB								
 00000217  83 F8 00			CMP		EAX, 0						; if we find a null byte, terminate counting
 0000021A  74 03			JE		_doneCount

				; +1 to count and re-loop
 0000021C  41				INC		ECX							
 0000021D  EB F2			JMP		_startCOunt

 0000021F			_doneCount:
				; done counting so store the value in stringLength
 0000021F  83 F9 00			CMP		ECX, 0						; HERE IS THE SPECIAL CASE EXIT FOR NULL STRING
 00000222  0F 84 0000008F		JE		_exitProcedure
 00000228  89 4D F0			MOV		stringLength, ECX

				; a user-supplied string of over 11 digits is invalid by default!
 0000022B  83 7D F0 0B			CMP		stringLength, 11
 0000022F  0F 87 00000082		JA		_exitProcedure

				; ===============================================================
				; Here is the loop to scan characters and add the values
				; ===============================================================
 00000235  B9 00000000			MOV		ECX, 0								; reset ECX
 0000023A  8B 75 08			MOV		ESI, [EBP + 8]
 0000023D  03 75 F0			ADD		ESI, stringLength					; Set ESI, add string length
 00000240  4E				DEC		ESI									; minus 1!
 00000241  FD				STD											; descending order

				; if the lead char is + or -, decrement stringlenth -- one less loop
 00000242  83 7D F4 00			CMP		posOrNeg, 0							; flag = 0? forst char is numeric
 00000246  74 03			JE		_mathLoop					
 00000248  FF 4D F0			DEC		stringLength						; flag is 1/-1 first char is +/-

				; meat of the loop
 0000024B			_mathLoop:
 0000024B  83 F9 00			CMP		ECX, 0								; first loop -- set multiplier to 1
 0000024E  74 02			JE		_onesPlace
					
 00000250  EB 07			JMP		_notOnesPlace						; not first? then we need to multiply by powers of 10

				; this happens on the first loop -- we set the multiplier to 1 for the ones place
 00000252			_onesPlace:
 00000252  BB 00000001			MOV		EBX, 1								; EBX is multiplier, 1 in this case
 00000257  EB 12			JMP		_multiplierSet

				; successive loops, we multiply by 10^ECX
 00000259			_notOnesPlace:
 00000259  B8 00000001			MOV		EAX, 1
 0000025E  51				PUSH	ECX							; save ECX for inner loop

					; this loop raises 10^ECXth power
 0000025F				_mulLoop:
 0000025F  BB 0000000A				MOV		EBX, 10
 00000264  F7 E3				MUL		EBX						; mul EAX by 10 == gets called ECX times - 10. 100. 1000. 10000. etc
 00000266  E2 F7				LOOP	_mulLoop

 00000268  8B D8			MOV		EBX, EAX					; multiplier to EBX

 0000026A  59				POP		ECX							; restore ECX

				; the multiplier is set, and in EBX, time to start doing WORK
 0000026B			_multiplierSet:							
 0000026B  B8 00000000			MOV		EAX, 0						; clear EAX
 00000270  AC				LODSB								; get the character
					
 00000271  83 F8 30			CMP		EAX, 48						; does the caracter come before ASCII 0?
 00000274  72 41			JB		_exitProcedure				; if so, terminate with valid = 0

 00000276  83 F8 39			CMP		EAX, 57						; does the caracter come after ASCII 9?
 00000279  77 3C			JA		_exitProcedure				; if so, terminaate with valid = 0

 0000027B  83 E8 30			SUB		EAX, 48						; convert from ASCII to decimal!

 0000027E  F7 E3			MUL		EBX							; power of 10 is in EBX
 00000280  70 35			JO		_exitProcedure				; overflow, early exit potential

				; rack up the value
 00000282  01 45 F8			ADD		localValue, EAX
 00000285  72 30			JC		_exitProcedure				; carry? maybe this happens

				; next value, and check for ending	
 00000287  41				INC		ECX							; add 1 to ECX
 00000288  3B 4D F0			CMP		ECX, stringLength			; have looped fully
 0000028B  74 02			JE		_doneMath					; bye, math loop!

 0000028D  EB BC			JMP		_mathLoop					; back to top

				; localvalue should have the sum of all the digits. Up until this point it was UNSIGNED, 
				; which means it could potentially hold numbers that are too large
 0000028F			_doneMath:
 0000028F  81 7D F8			CMP		localValue, 2147483647		; compare with the max value we should allow  
	   7FFFFFFF
 00000296  77 1F			JA		_exitProcedure				; larger? bye bye!

				; if we have made it this far, we have won. Valid number!
 00000298  C7 45 FC			MOV		isValid, 1
	   00000001

 0000029F  83 7D F4 FF			CMP		posOrNeg, -1
 000002A3  75 0A			JNE		_storeNum					; not neg, can just store

 000002A5  F7 5D F8			NEG		localValue					; negative, we negate value

 000002A8  C7 45 FC			MOV		isValid, 1
	   00000001

				; this is how we SAVE THE VALUE
 000002AF			_storeNum:
 000002AF  8B 45 F8			MOV		EAX, localValue				
 000002B2  8B 5D 0C			MOV		EBX, [EBP + 12]				; offset of user val, on stack
 000002B5  89 03			MOV		[EBX], EAX					; save value

				; This is where we land from all the "invalid" cases above ... or if we made it here the hard way
 000002B7			_exitProcedure:
				; store final result of isValid
 000002B7  8B 45 FC			MOV		EAX, isValid				; save the boolean 0/1
 000002BA  8B 5D 10			MOV		EBX, [EBP + 16]
 000002BD  89 03			MOV		[EBX], EAX

				; byebye
 000002BF  61				POPAD
 000002C0  C9		   *	    leave  
 000002C1  C2 0014			RET		20				; 5 dwords on stack

 000002C4			readVal ENDP


				;---------------------------------------------------------------------------------------------
				; Name: writeVal
				;
				; Writes SDWORD value using mDisplayString macro. The algorithm is a bit odd. Uses a temp
				; array to store values, working backwards doing division by 10, storing the remainder as ASCII.
				; Once fully calculated, it prints the array (forwards of course!)
				;
				; Preconditions:	The value to print is a SDWORD. Array exists, to hold output string in process.
				; Postconditions:	
				; Receives:			[EBP + 8] -- SDWORD value to be printed	
				;					[EBP + 12] -- address of temp array for scratch work
				; Returns:			Outputs value as a string, using mDisplayString macro
				;----------------------------------------------------------------------------------------------
 000002C4			writeVal PROC
				; prep stack, save registers
				; use some local variables for fun
					LOCAL	localVal:SDWORD, arrayEnd:DWORD, negFlag:DWORD, specialFlag:DWORD
 000002C4  55		   *	    push   ebp
 000002C5  8B EC	   *	    mov    ebp, esp
 000002C7  83 C4 F0	   *	    add    esp, 0FFFFFFF0h
 000002CA  50				PUSH	EAX
 000002CB  53				PUSH	EBX
 000002CC  52				PUSH	EDX
 000002CD  57				PUSH	EDI

				; get offset value to last usable idex of array -- remember it's MAXCHARS + 1 long,
				; but we reserve the last ,0 to terminate the output
 000002CE  B8 0000000B			MOV		EAX, MAXCHARS
 000002D3  89 45 F8			MOV		arrayEnd, EAX				
					
				; retrieve value to print, and set negFlag = 0
 000002D6  8B 45 08			MOV		EAX, [EBP + 8]				; Rretrieve value from stack
 000002D9  C7 45 F4			MOV		negFlag, 0					; set flag for non-negative
	   00000000
 000002E0  83 F8 00			CMP		EAX, 0						; test for negativity
 000002E3  7D 1F			JGE		_notNegative

				; initialize the special case flag to 0, and test for presence of -2,147,483,648
 000002E5  C7 45 F0			MOV		specialFlag, 0
	   00000000
 000002EC  3D 80000000			CMP		EAX, -2147483648			; test for -2,147,483,648 -- this bastard thing
 000002F1  75 08			JNE		_notSpeeshul				; not our boah

				; rut-roh, we found it...
 000002F3  40				INC		EAX							; bump it up to -2,147,483,647 for the next steps
 000002F4  C7 45 F0			MOV		specialFlag, 1
	   00000001

				; negate number nad set neg flag for later use
 000002FB			_notSpeeshul:
 000002FB  F7 D8			NEG		EAX							; negate
 000002FD  C7 45 F4			MOV		negFlag, 1					; set flag
	   00000001

				; wasn't negative, so no special cases or anything
 00000304			_notNegative:
 00000304  89 45 FC			MOV		localVal, EAX				; store the value

				; get address of array, and find target location
 00000307  8B 7D 0C			MOV		EDI, [EBP + 12]
 0000030A  03 7D F8			ADD		EDI, arrayEnd				; increment to target location in array

 0000030D  FD				STD									; decrementing

				; start of the calculating/storing loop
 0000030E			_startLoop:
				; sequence of dividing by 10, and storing the remainder in the array as element to print
 0000030E  8B 45 FC			MOV		EAX, localVal				; set up for divison
 00000311  99				CDQ		
 00000312  BB 0000000A			MOV		EBX, 10
 00000317  F7 FB			IDIV	EBX

				; store the quotient for the next round
 00000319  89 45 FC			MOV		localVal, EAX				; divided number to localval

				; test for the "special case" flag
 0000031C  83 7D F0 01			CMP		specialFlag, 1
 00000320  75 08			JNE		_asciiAdd					; not special

				; bump the value up (the LSB 7 becomes 8)
 00000322  42				INC		EDX
 00000323  C7 45 F0			MOV		specialFlag, 0				; clear flag so it never happens again
	   00000000

				; convert to ASCII by adding 48, and store in the array
 0000032A			_asciiAdd:
 0000032A  83 C2 30			ADD		EDX, 48						; this converts it into ASCII equivalent!
 0000032D  8B C2			MOV		EAX, EDX
 0000032F  AA				STOSB

				; if the quotient is 0, we've done enough math
 00000330  83 7D FC 00			CMP		localVal, 0					; remainder 0, we're done dividing
 00000334  74 02			JE		_doneDiv					; exit loop

 00000336  EB D6			JMP		_startLoop					; restart loop

				; done dividing, do some output
 00000338			_doneDiv:	 
				; test to see if it's a negative number
 00000338  83 7D F4 01			CMP		negFlag, 1
 0000033C  75 06			JNE		_printArray					; not neg, just print

				; number was negative? write the ASCII for a negative sign into the array!
 0000033E  B8 0000002D			MOV		EAX, 45						; negative sign
 00000343  AA				STOSB

				; Print the finalized array!
 00000344			_printArray:
 00000344  8B C7			MOV		EAX, EDI
 00000346  83 C0 01			ADD		EAX, 1						; readjust to account for last STOSB
					mDisplayString	EAX					; mDisplayString just works on an offset :D
 00000349  52		     1		PUSH	EDX							; uses EDX so we protect it
 0000034A  8B D0	     1		MOV		EDX, EAX			; standard writeString call
 0000034C  E8 00000000 E     1		CALL	WriteString
 00000351  5A		     1		POP		EDX

				; cleanup and exit
 00000352  5F				POP		EDI
 00000353  5A				POP		EDX
 00000354  5B				POP		EBX
 00000355  58				POP		EAX
 00000356  C9		   *	    leave  
 00000357  C2 0008			RET		8

 0000035A			writeVal ENDP


				END main
Microsoft (R) Macro Assembler Version 14.29.30138.0	    03/02/22 22:47:11
<Project 6: String Primitives and Macros     (Proj6_bearan.a  Symbols 2 - 1




Macros:

                N a m e                 Type

mDisplayString . . . . . . . . .	Proc
mGetString . . . . . . . . . . .	Proc


Structures and Unions:

                N a m e                  Size
                                         Offset      Type

CONSOLE_CURSOR_INFO  . . . . . .	 00000008
  dwSize . . . . . . . . . . . .	 00000000	 DWord
  bVisible . . . . . . . . . . .	 00000004	 DWord
CONSOLE_SCREEN_BUFFER_INFO . . .	 00000016
  dwSize . . . . . . . . . . . .	 00000000	 DWord
  dwCursorPosition . . . . . . .	 00000004	 DWord
  wAttributes  . . . . . . . . .	 00000008	 Word
  srWindow . . . . . . . . . . .	 0000000A	 QWord
  dwMaximumWindowSize  . . . . .	 00000012	 DWord
COORD  . . . . . . . . . . . . .	 00000004
  X  . . . . . . . . . . . . . .	 00000000	 Word
  Y  . . . . . . . . . . . . . .	 00000002	 Word
FILETIME . . . . . . . . . . . .	 00000008
  loDateTime . . . . . . . . . .	 00000000	 DWord
  hiDateTime . . . . . . . . . .	 00000004	 DWord
FOCUS_EVENT_RECORD . . . . . . .	 00000004
  bSetFocus  . . . . . . . . . .	 00000000	 DWord
FPU_ENVIRON  . . . . . . . . . .	 0000001C
  controlWord  . . . . . . . . .	 00000000	 Word
  statusWord . . . . . . . . . .	 00000004	 Word
  tagWord  . . . . . . . . . . .	 00000008	 Word
  instrPointerOffset . . . . . .	 0000000C	 DWord
  instrPointerSelector . . . . .	 00000010	 DWord
  operandPointerOffset . . . . .	 00000014	 DWord
  operandPointerSelector . . . .	 00000018	 Word
INPUT_RECORD . . . . . . . . . .	 00000014
  EventType  . . . . . . . . . .	 00000000	 Word
  Event  . . . . . . . . . . . .	 00000004	 XmmWord
  bKeyDown . . . . . . . . . . .	 00000000	 DWord
  wRepeatCount . . . . . . . . .	 00000004	 Word
  wVirtualKeyCode  . . . . . . .	 00000006	 Word
  wVirtualScanCode . . . . . . .	 00000008	 Word
  uChar  . . . . . . . . . . . .	 0000000A	 Word
  UnicodeChar  . . . . . . . . .	 00000000	 Word
  AsciiChar  . . . . . . . . . .	 00000000	 Byte
  dwControlKeyState  . . . . . .	 0000000C	 DWord
  dwMousePosition  . . . . . . .	 00000000	 DWord
  dwButtonState  . . . . . . . .	 00000004	 DWord
  dwMouseControlKeyState . . . .	 00000008	 DWord
  dwEventFlags . . . . . . . . .	 0000000C	 DWord
  dwSize . . . . . . . . . . . .	 00000000	 DWord
  dwCommandId  . . . . . . . . .	 00000000	 DWord
  bSetFocus  . . . . . . . . . .	 00000000	 DWord
KEY_EVENT_RECORD . . . . . . . .	 00000010
  bKeyDown . . . . . . . . . . .	 00000000	 DWord
  wRepeatCount . . . . . . . . .	 00000004	 Word
  wVirtualKeyCode  . . . . . . .	 00000006	 Word
  wVirtualScanCode . . . . . . .	 00000008	 Word
  uChar  . . . . . . . . . . . .	 0000000A	 Word
  UnicodeChar  . . . . . . . . .	 00000000	 Word
  AsciiChar  . . . . . . . . . .	 00000000	 Byte
  dwControlKeyState  . . . . . .	 0000000C	 DWord
MENU_EVENT_RECORD  . . . . . . .	 00000004
  dwCommandId  . . . . . . . . .	 00000000	 DWord
MOUSE_EVENT_RECORD . . . . . . .	 00000010
  dwMousePosition  . . . . . . .	 00000000	 DWord
  dwButtonState  . . . . . . . .	 00000004	 DWord
  dwMouseControlKeyState . . . .	 00000008	 DWord
  dwEventFlags . . . . . . . . .	 0000000C	 DWord
SMALL_RECT . . . . . . . . . . .	 00000008
  Left . . . . . . . . . . . . .	 00000000	 Word
  Top  . . . . . . . . . . . . .	 00000002	 Word
  Right  . . . . . . . . . . . .	 00000004	 Word
  Bottom . . . . . . . . . . . .	 00000006	 Word
SYSTEMTIME . . . . . . . . . . .	 00000010
  wYear  . . . . . . . . . . . .	 00000000	 Word
  wMonth . . . . . . . . . . . .	 00000002	 Word
  wDayOfWeek . . . . . . . . . .	 00000004	 Word
  wDay . . . . . . . . . . . . .	 00000006	 Word
  wHour  . . . . . . . . . . . .	 00000008	 Word
  wMinute  . . . . . . . . . . .	 0000000A	 Word
  wSecond  . . . . . . . . . . .	 0000000C	 Word
  wMilliseconds  . . . . . . . .	 0000000E	 Word
WINDOW_BUFFER_SIZE_RECORD  . . .	 00000004
  dwSize . . . . . . . . . . . .	 00000000	 DWord


Segments and Groups:

                N a m e                 Size     Length   Align   Combine Class

FLAT . . . . . . . . . . . . . .	GROUP
STACK  . . . . . . . . . . . . .	32 Bit	 00001000 Para	  Stack	  'STACK'	 
_DATA  . . . . . . . . . . . . .	32 Bit	 000003D1 Para	  Public  'DATA'	
_TEXT  . . . . . . . . . . . . .	32 Bit	 0000035A Para	  Public  'CODE'	


Procedures, parameters, and locals:

                N a m e                 Type     Value    Attr

CloseFile  . . . . . . . . . . .	P Near	 00000000 FLAT	Length= 00000000 External STDCALL
CloseHandle  . . . . . . . . . .	P Near	 00000000 FLAT	Length= 00000000 External STDCALL
Clrscr . . . . . . . . . . . . .	P Near	 00000000 FLAT	Length= 00000000 External STDCALL
CreateFileA  . . . . . . . . . .	P Near	 00000000 FLAT	Length= 00000000 External STDCALL
CreateOutputFile . . . . . . . .	P Near	 00000000 FLAT	Length= 00000000 External STDCALL
Crlf . . . . . . . . . . . . . .	P Near	 00000000 FLAT	Length= 00000000 External STDCALL
Delay  . . . . . . . . . . . . .	P Near	 00000000 FLAT	Length= 00000000 External STDCALL
DumpMem  . . . . . . . . . . . .	P Near	 00000000 FLAT	Length= 00000000 External STDCALL
DumpRegs . . . . . . . . . . . .	P Near	 00000000 FLAT	Length= 00000000 External STDCALL
ExitProcess  . . . . . . . . . .	P Near	 00000000 FLAT	Length= 00000000 External STDCALL
FileTimeToDosDateTime  . . . . .	P Near	 00000000 FLAT	Length= 00000000 External STDCALL
FileTimeToSystemTime . . . . . .	P Near	 00000000 FLAT	Length= 00000000 External STDCALL
FlushConsoleInputBuffer  . . . .	P Near	 00000000 FLAT	Length= 00000000 External STDCALL
FormatMessageA . . . . . . . . .	P Near	 00000000 FLAT	Length= 00000000 External STDCALL
GetCommandLineA  . . . . . . . .	P Near	 00000000 FLAT	Length= 00000000 External STDCALL
GetCommandTail . . . . . . . . .	P Near	 00000000 FLAT	Length= 00000000 External STDCALL
GetConsoleCP . . . . . . . . . .	P Near	 00000000 FLAT	Length= 00000000 External STDCALL
GetConsoleCursorInfo . . . . . .	P Near	 00000000 FLAT	Length= 00000000 External STDCALL
GetConsoleMode . . . . . . . . .	P Near	 00000000 FLAT	Length= 00000000 External STDCALL
GetConsoleScreenBufferInfo . . .	P Near	 00000000 FLAT	Length= 00000000 External STDCALL
GetDateTime  . . . . . . . . . .	P Near	 00000000 FLAT	Length= 00000000 External STDCALL
GetFileTime  . . . . . . . . . .	P Near	 00000000 FLAT	Length= 00000000 External STDCALL
GetKeyState  . . . . . . . . . .	P Near	 00000000 FLAT	Length= 00000000 External STDCALL
GetLastError . . . . . . . . . .	P Near	 00000000 FLAT	Length= 00000000 External STDCALL
GetLocalTime . . . . . . . . . .	P Near	 00000000 FLAT	Length= 00000000 External STDCALL
GetMaxXY . . . . . . . . . . . .	P Near	 00000000 FLAT	Length= 00000000 External STDCALL
GetMseconds  . . . . . . . . . .	P Near	 00000000 FLAT	Length= 00000000 External STDCALL
GetNumberOfConsoleInputEvents  .	P Near	 00000000 FLAT	Length= 00000000 External STDCALL
GetProcessHeap . . . . . . . . .	P Near	 00000000 FLAT	Length= 00000000 External STDCALL
GetStdHandle . . . . . . . . . .	P Near	 00000000 FLAT	Length= 00000000 External STDCALL
GetSystemTime  . . . . . . . . .	P Near	 00000000 FLAT	Length= 00000000 External STDCALL
GetTextColor . . . . . . . . . .	P Near	 00000000 FLAT	Length= 00000000 External STDCALL
GetTickCount . . . . . . . . . .	P Near	 00000000 FLAT	Length= 00000000 External STDCALL
Gotoxy . . . . . . . . . . . . .	P Near	 00000000 FLAT	Length= 00000000 External STDCALL
HeapAlloc  . . . . . . . . . . .	P Near	 00000000 FLAT	Length= 00000000 External STDCALL
HeapCreate . . . . . . . . . . .	P Near	 00000000 FLAT	Length= 00000000 External STDCALL
HeapDestroy  . . . . . . . . . .	P Near	 00000000 FLAT	Length= 00000000 External STDCALL
HeapFree . . . . . . . . . . . .	P Near	 00000000 FLAT	Length= 00000000 External STDCALL
HeapSize . . . . . . . . . . . .	P Near	 00000000 FLAT	Length= 00000000 External STDCALL
IsDigit  . . . . . . . . . . . .	P Near	 00000000 FLAT	Length= 00000000 External STDCALL
LocalFree  . . . . . . . . . . .	P Near	 00000000 FLAT	Length= 00000000 External STDCALL
MessageBoxA  . . . . . . . . . .	P Near	 00000000 FLAT	Length= 00000000 External STDCALL
MsgBoxAsk  . . . . . . . . . . .	P Near	 00000000 FLAT	Length= 00000000 External STDCALL
MsgBox . . . . . . . . . . . . .	P Near	 00000000 FLAT	Length= 00000000 External STDCALL
OpenInputFile  . . . . . . . . .	P Near	 00000000 FLAT	Length= 00000000 External STDCALL
ParseDecimal32 . . . . . . . . .	P Near	 00000000 FLAT	Length= 00000000 External STDCALL
ParseInteger32 . . . . . . . . .	P Near	 00000000 FLAT	Length= 00000000 External STDCALL
PeekConsoleInputA  . . . . . . .	P Near	 00000000 FLAT	Length= 00000000 External STDCALL
Random32 . . . . . . . . . . . .	P Near	 00000000 FLAT	Length= 00000000 External STDCALL
RandomRange  . . . . . . . . . .	P Near	 00000000 FLAT	Length= 00000000 External STDCALL
Randomize  . . . . . . . . . . .	P Near	 00000000 FLAT	Length= 00000000 External STDCALL
ReadChar . . . . . . . . . . . .	P Near	 00000000 FLAT	Length= 00000000 External STDCALL
ReadConsoleA . . . . . . . . . .	P Near	 00000000 FLAT	Length= 00000000 External STDCALL
ReadConsoleInputA  . . . . . . .	P Near	 00000000 FLAT	Length= 00000000 External STDCALL
ReadDec  . . . . . . . . . . . .	P Near	 00000000 FLAT	Length= 00000000 External STDCALL
ReadFile . . . . . . . . . . . .	P Near	 00000000 FLAT	Length= 00000000 External STDCALL
ReadFloat  . . . . . . . . . . .	P Near	 00000000 FLAT	Length= 00000000 External STDCALL
ReadFromFile . . . . . . . . . .	P Near	 00000000 FLAT	Length= 00000000 External STDCALL
ReadHex  . . . . . . . . . . . .	P Near	 00000000 FLAT	Length= 00000000 External STDCALL
ReadInt  . . . . . . . . . . . .	P Near	 00000000 FLAT	Length= 00000000 External STDCALL
ReadKeyFlush . . . . . . . . . .	P Near	 00000000 FLAT	Length= 00000000 External STDCALL
ReadKey  . . . . . . . . . . . .	P Near	 00000000 FLAT	Length= 00000000 External STDCALL
ReadString . . . . . . . . . . .	P Near	 00000000 FLAT	Length= 00000000 External STDCALL
SetConsoleCursorInfo . . . . . .	P Near	 00000000 FLAT	Length= 00000000 External STDCALL
SetConsoleCursorPosition . . . .	P Near	 00000000 FLAT	Length= 00000000 External STDCALL
SetConsoleMode . . . . . . . . .	P Near	 00000000 FLAT	Length= 00000000 External STDCALL
SetConsoleScreenBufferSize . . .	P Near	 00000000 FLAT	Length= 00000000 External STDCALL
SetConsoleTextAttribute  . . . .	P Near	 00000000 FLAT	Length= 00000000 External STDCALL
SetConsoleTitleA . . . . . . . .	P Near	 00000000 FLAT	Length= 00000000 External STDCALL
SetConsoleWindowInfo . . . . . .	P Near	 00000000 FLAT	Length= 00000000 External STDCALL
SetFilePointer . . . . . . . . .	P Near	 00000000 FLAT	Length= 00000000 External STDCALL
SetLocalTime . . . . . . . . . .	P Near	 00000000 FLAT	Length= 00000000 External STDCALL
SetTextColor . . . . . . . . . .	P Near	 00000000 FLAT	Length= 00000000 External STDCALL
ShowFPUStack . . . . . . . . . .	P Near	 00000000 FLAT	Length= 00000000 External STDCALL
Sleep  . . . . . . . . . . . . .	P Near	 00000000 FLAT	Length= 00000000 External STDCALL
StrLength  . . . . . . . . . . .	P Near	 00000000 FLAT	Length= 00000000 External STDCALL
Str_compare  . . . . . . . . . .	P Near	 00000000 FLAT	Length= 00000000 External STDCALL
Str_copy . . . . . . . . . . . .	P Near	 00000000 FLAT	Length= 00000000 External STDCALL
Str_length . . . . . . . . . . .	P Near	 00000000 FLAT	Length= 00000000 External STDCALL
Str_trim . . . . . . . . . . . .	P Near	 00000000 FLAT	Length= 00000000 External STDCALL
Str_ucase  . . . . . . . . . . .	P Near	 00000000 FLAT	Length= 00000000 External STDCALL
SystemTimeToFileTime . . . . . .	P Near	 00000000 FLAT	Length= 00000000 External STDCALL
WaitMsg  . . . . . . . . . . . .	P Near	 00000000 FLAT	Length= 00000000 External STDCALL
WriteBinB  . . . . . . . . . . .	P Near	 00000000 FLAT	Length= 00000000 External STDCALL
WriteBin . . . . . . . . . . . .	P Near	 00000000 FLAT	Length= 00000000 External STDCALL
WriteChar  . . . . . . . . . . .	P Near	 00000000 FLAT	Length= 00000000 External STDCALL
WriteConsoleA  . . . . . . . . .	P Near	 00000000 FLAT	Length= 00000000 External STDCALL
WriteConsoleOutputAttribute  . .	P Near	 00000000 FLAT	Length= 00000000 External STDCALL
WriteConsoleOutputCharacterA . .	P Near	 00000000 FLAT	Length= 00000000 External STDCALL
WriteDec . . . . . . . . . . . .	P Near	 00000000 FLAT	Length= 00000000 External STDCALL
WriteFile  . . . . . . . . . . .	P Near	 00000000 FLAT	Length= 00000000 External STDCALL
WriteFloat . . . . . . . . . . .	P Near	 00000000 FLAT	Length= 00000000 External STDCALL
WriteHexB  . . . . . . . . . . .	P Near	 00000000 FLAT	Length= 00000000 External STDCALL
WriteHex . . . . . . . . . . . .	P Near	 00000000 FLAT	Length= 00000000 External STDCALL
WriteInt . . . . . . . . . . . .	P Near	 00000000 FLAT	Length= 00000000 External STDCALL
WriteStackFrameName  . . . . . .	P Near	 00000000 FLAT	Length= 00000000 External STDCALL
WriteStackFrame  . . . . . . . .	P Near	 00000000 FLAT	Length= 00000000 External STDCALL
WriteString  . . . . . . . . . .	P Near	 00000000 FLAT	Length= 00000000 External STDCALL
WriteToFile  . . . . . . . . . .	P Near	 00000000 FLAT	Length= 00000000 External STDCALL
WriteWindowsMsg  . . . . . . . .	P Near	 00000000 FLAT	Length= 00000000 External STDCALL
main . . . . . . . . . . . . . .	P Near	 00000000 _TEXT	Length= 0000016D Public STDCALL
  _fillArray . . . . . . . . . .	L Near	 00000016 _TEXT	
  _invalidValue  . . . . . . . .	L Near	 0000004A _TEXT	
  _validValue  . . . . . . . . .	L Near	 0000007D _TEXT	
  _doneFill  . . . . . . . . . .	L Near	 000000CC _TEXT	
  _displayLoop . . . . . . . . .	L Near	 000000EE _TEXT	
  _endDisplay  . . . . . . . . .	L Near	 00000113 _TEXT	
printf . . . . . . . . . . . . .	P Near	 00000000 FLAT	Length= 00000000 External C
readVal  . . . . . . . . . . . .	P Near	 0000016D _TEXT	Length= 00000157 Public STDCALL
  isValid  . . . . . . . . . . .	DWord	 bp - 00000004
  localValue . . . . . . . . . .	DWord	 bp - 00000008
  posOrNeg . . . . . . . . . . .	DWord	 bp - 0000000C
  stringLength . . . . . . . . .	DWord	 bp - 00000010
  _scanForSpecial  . . . . . . .	L Near	 000001BA _TEXT	
  _checkSign . . . . . . . . . .	L Near	 000001D2 _TEXT	
  _setPlus . . . . . . . . . . .	L Near	 000001F9 _TEXT	
  _setMinus  . . . . . . . . . .	L Near	 00000202 _TEXT	
  _countString . . . . . . . . .	L Near	 00000209 _TEXT	
  _startCOunt  . . . . . . . . .	L Near	 00000211 _TEXT	
  _doneCount . . . . . . . . . .	L Near	 0000021F _TEXT	
  _mathLoop  . . . . . . . . . .	L Near	 0000024B _TEXT	
  _onesPlace . . . . . . . . . .	L Near	 00000252 _TEXT	
  _notOnesPlace  . . . . . . . .	L Near	 00000259 _TEXT	
  _mulLoop . . . . . . . . . . .	L Near	 0000025F _TEXT	
  _multiplierSet . . . . . . . .	L Near	 0000026B _TEXT	
  _doneMath  . . . . . . . . . .	L Near	 0000028F _TEXT	
  _storeNum  . . . . . . . . . .	L Near	 000002AF _TEXT	
  _exitProcedure . . . . . . . .	L Near	 000002B7 _TEXT	
scanf  . . . . . . . . . . . . .	P Near	 00000000 FLAT	Length= 00000000 External C
writeVal . . . . . . . . . . . .	P Near	 000002C4 _TEXT	Length= 00000096 Public STDCALL
  localVal . . . . . . . . . . .	DWord	 bp - 00000004
  arrayEnd . . . . . . . . . . .	DWord	 bp - 00000008
  negFlag  . . . . . . . . . . .	DWord	 bp - 0000000C
  specialFlag  . . . . . . . . .	DWord	 bp - 00000010
  _notSpeeshul . . . . . . . . .	L Near	 000002FB _TEXT	
  _notNegative . . . . . . . . .	L Near	 00000304 _TEXT	
  _startLoop . . . . . . . . . .	L Near	 0000030E _TEXT	
  _asciiAdd  . . . . . . . . . .	L Near	 0000032A _TEXT	
  _doneDiv . . . . . . . . . . .	L Near	 00000338 _TEXT	
  _printArray  . . . . . . . . .	L Near	 00000344 _TEXT	
wsprintfA  . . . . . . . . . . .	P Near	 00000000 FLAT	Length= 00000000 External C


Symbols:

                N a m e                 Type     Value    Attr

@CodeSize  . . . . . . . . . . .	Number	 00000000h   
@DataSize  . . . . . . . . . . .	Number	 00000000h   
@Interface . . . . . . . . . . .	Number	 00000003h   
@Model . . . . . . . . . . . . .	Number	 00000007h   
@code  . . . . . . . . . . . . .	Text   	 _TEXT
@data  . . . . . . . . . . . . .	Text   	 FLAT
@fardata?  . . . . . . . . . . .	Text   	 FLAT
@fardata . . . . . . . . . . . .	Text   	 FLAT
@stack . . . . . . . . . . . . .	Text   	 FLAT
ALT_MASK . . . . . . . . . . . .	Number	 00000003h   
ARRAYLENGTH  . . . . . . . . . .	Number	 0000000Ah   
CAPSLOCK_ON  . . . . . . . . . .	Number	 00000080h   
CREATE_ALWAYS  . . . . . . . . .	Number	 00000002h   
CREATE_NEW . . . . . . . . . . .	Number	 00000001h   
CTRL_MASK  . . . . . . . . . . .	Number	 0000000Ch   
CreateFile . . . . . . . . . . .	Text   	 CreateFileA
DO_NOT_SHARE . . . . . . . . . .	Number	 00000000h   
ENABLE_ECHO_INPUT  . . . . . . .	Number	 00000004h   
ENABLE_LINE_INPUT  . . . . . . .	Number	 00000002h   
ENABLE_MOUSE_INPUT . . . . . . .	Number	 00000010h   
ENABLE_PROCESSED_INPUT . . . . .	Number	 00000001h   
ENABLE_PROCESSED_OUTPUT  . . . .	Number	 00000001h   
ENABLE_WINDOW_INPUT  . . . . . .	Number	 00000008h   
ENABLE_WRAP_AT_EOL_OUTPUT  . . .	Number	 00000002h   
ENHANCED_KEY . . . . . . . . . .	Number	 00000100h   
FALSE  . . . . . . . . . . . . .	Number	 00000000h   
FILE_APPEND_DATA . . . . . . . .	Number	 00000004h   
FILE_ATTRIBUTE_ARCHIVE . . . . .	Number	 00000020h   
FILE_ATTRIBUTE_COMPRESSED  . . .	Number	 00000800h   
FILE_ATTRIBUTE_DEVICE  . . . . .	Number	 00000040h   
FILE_ATTRIBUTE_DIRECTORY . . . .	Number	 00000010h   
FILE_ATTRIBUTE_ENCRYPTED . . . .	Number	 00004000h   
FILE_ATTRIBUTE_HIDDEN  . . . . .	Number	 00000002h   
FILE_ATTRIBUTE_NORMAL  . . . . .	Number	 00000080h   
FILE_ATTRIBUTE_NOT_CONTENT_INDEXED .	Number	 00002000h   
FILE_ATTRIBUTE_OFFLINE . . . . .	Number	 00001000h   
FILE_ATTRIBUTE_READONLY  . . . .	Number	 00000001h   
FILE_ATTRIBUTE_REPARSE_POINT . .	Number	 00000400h   
FILE_ATTRIBUTE_SPARSE_FILE . . .	Number	 00000200h   
FILE_ATTRIBUTE_SYSTEM  . . . . .	Number	 00000004h   
FILE_ATTRIBUTE_TEMPORARY . . . .	Number	 00000100h   
FILE_BEGIN . . . . . . . . . . .	Number	 00000000h   
FILE_CURRENT . . . . . . . . . .	Number	 00000001h   
FILE_DELETE_CHILD  . . . . . . .	Number	 00000040h   
FILE_END . . . . . . . . . . . .	Number	 00000002h   
FILE_READ_DATA . . . . . . . . .	Number	 00000001h   
FILE_SHARE_DELETE  . . . . . . .	Number	 00000004h   
FILE_SHARE_READ  . . . . . . . .	Number	 00000001h   
FILE_SHARE_WRITE . . . . . . . .	Number	 00000002h   
FILE_WRITE_DATA  . . . . . . . .	Number	 00000002h   
FOCUS_EVENT  . . . . . . . . . .	Number	 00000010h   
FORMAT_MESSAGE_ALLOCATE_BUFFER .	Number	 00000100h   
FORMAT_MESSAGE_FROM_SYSTEM . . .	Number	 00001000h   
FormatMessage  . . . . . . . . .	Text   	 FormatMessageA
GENERIC_ALL  . . . . . . . . . .	Number	 10000000h   
GENERIC_EXECUTE  . . . . . . . .	Number	 20000000h   
GENERIC_READ . . . . . . . . . .	Number	 -80000000h   
GENERIC_WRITE  . . . . . . . . .	Number	 40000000h   
GetCommandLine . . . . . . . . .	Text   	 GetCommandLineA
HANDLE . . . . . . . . . . . . .	Text   	 DWORD
HEAP_GENERATE_EXCEPTIONS . . . .	Number	 00000004h   
HEAP_GROWABLE  . . . . . . . . .	Number	 00000002h   
HEAP_NO_SERIALIZE  . . . . . . .	Number	 00000001h   
HEAP_REALLOC_IN_PLACE_ONLY . . .	Number	 00000010h   
HEAP_ZERO_MEMORY . . . . . . . .	Number	 00000008h   
IDABORT  . . . . . . . . . . . .	Number	 00000003h   
IDCANCEL . . . . . . . . . . . .	Number	 00000002h   
IDCLOSE  . . . . . . . . . . . .	Number	 00000008h   
IDCONTINUE . . . . . . . . . . .	Number	 0000000Bh   
IDHELP . . . . . . . . . . . . .	Number	 00000009h   
IDIGNORE . . . . . . . . . . . .	Number	 00000005h   
IDNO . . . . . . . . . . . . . .	Number	 00000007h   
IDOK . . . . . . . . . . . . . .	Number	 00000001h   
IDRETRY  . . . . . . . . . . . .	Number	 00000004h   
IDTIMEOUT  . . . . . . . . . . .	Number	 00007D00h   
IDTRYAGAIN . . . . . . . . . . .	Number	 0000000Ah   
IDYES  . . . . . . . . . . . . .	Number	 00000006h   
INVALID_HANDLE_VALUE . . . . . .	Number	 -00000001h   
KBDOWN_FLAG  . . . . . . . . . .	Number	 00000001h   
KEY_EVENT  . . . . . . . . . . .	Number	 00000001h   
KEY_MASKS  . . . . . . . . . . .	Number	 0000001Fh   
LEFT_ALT_PRESSED . . . . . . . .	Number	 00000002h   
LEFT_CTRL_PRESSED  . . . . . . .	Number	 00000008h   
MAXCHARS . . . . . . . . . . . .	Number	 0000000Bh   
MB_ABORTRETRYIGNORE  . . . . . .	Number	 00000002h   
MB_APPLMODAL . . . . . . . . . .	Number	 00000000h   
MB_CANCELTRYCONTINUE . . . . . .	Number	 00000006h   
MB_DEFBUTTON1  . . . . . . . . .	Number	 00000000h   
MB_DEFBUTTON2  . . . . . . . . .	Number	 00000100h   
MB_DEFBUTTON3  . . . . . . . . .	Number	 00000200h   
MB_DEFBUTTON4  . . . . . . . . .	Number	 00000300h   
MB_HELP  . . . . . . . . . . . .	Number	 00004000h   
MB_ICONASTERISK  . . . . . . . .	Number	 00000040h   
MB_ICONERROR . . . . . . . . . .	Number	 00000010h   
MB_ICONEXCLAMATION . . . . . . .	Number	 00000030h   
MB_ICONHAND  . . . . . . . . . .	Number	 00000010h   
MB_ICONINFORMATION . . . . . . .	Number	 00000040h   
MB_ICONQUESTION  . . . . . . . .	Number	 00000020h   
MB_ICONSTOP  . . . . . . . . . .	Number	 00000010h   
MB_ICONWARNING . . . . . . . . .	Number	 00000030h   
MB_OKCANCEL  . . . . . . . . . .	Number	 00000001h   
MB_OK  . . . . . . . . . . . . .	Number	 00000000h   
MB_RETRYCANCEL . . . . . . . . .	Number	 00000005h   
MB_SYSTEMMODAL . . . . . . . . .	Number	 00001000h   
MB_TASKMODAL . . . . . . . . . .	Number	 00002000h   
MB_USERICON  . . . . . . . . . .	Number	 00000080h   
MB_YESNOCANCEL . . . . . . . . .	Number	 00000003h   
MB_YESNO . . . . . . . . . . . .	Number	 00000004h   
MENU_EVENT . . . . . . . . . . .	Number	 00000008h   
MOUSE_EVENT  . . . . . . . . . .	Number	 00000002h   
MessageBox . . . . . . . . . . .	Text   	 MessageBoxA
NULL . . . . . . . . . . . . . .	Number	 00000000h   
NUMLOCK_ON . . . . . . . . . . .	Number	 00000020h   
OPEN_ALWAYS  . . . . . . . . . .	Number	 00000004h   
OPEN_EXISTING  . . . . . . . . .	Number	 00000003h   
PeekConsoleInput . . . . . . . .	Text   	 PeekConsoleInputA
RIGHT_ALT_PRESSED  . . . . . . .	Number	 00000001h   
RIGHT_CTRL_PRESSED . . . . . . .	Number	 00000004h   
ReadConsoleInput . . . . . . . .	Text   	 ReadConsoleInputA
ReadConsole  . . . . . . . . . .	Text   	 ReadConsoleA
SCROLLLOCK_ON  . . . . . . . . .	Number	 00000040h   
SHIFT_MASK . . . . . . . . . . .	Number	 00000010h   
SHIFT_PRESSED  . . . . . . . . .	Number	 00000010h   
STD_ERROR_HANDLE . . . . . . . .	Number	 -0000000Ch   
STD_INPUT_HANDLE . . . . . . . .	Number	 -0000000Ah   
STD_OUTPUT_HANDLE  . . . . . . .	Number	 -0000000Bh   
SetConsoleTitle  . . . . . . . .	Text   	 SetConsoleTitleA
TAB  . . . . . . . . . . . . . .	Number	 00000009h   
TRUE . . . . . . . . . . . . . .	Number	 00000001h   
TRUNCATE_EXISTING  . . . . . . .	Number	 00000005h   
USERSTRLENGTH  . . . . . . . . .	Number	 00000010h   
VK_11  . . . . . . . . . . . . .	Number	 000000BDh   
VK_12  . . . . . . . . . . . . .	Number	 000000BBh   
VK_ADD . . . . . . . . . . . . .	Number	 0000006Bh   
VK_BACK  . . . . . . . . . . . .	Number	 00000008h   
VK_CANCEL  . . . . . . . . . . .	Number	 00000003h   
VK_CAPITAL . . . . . . . . . . .	Number	 00000014h   
VK_CLEAR . . . . . . . . . . . .	Number	 0000000Ch   
VK_CONTROL . . . . . . . . . . .	Number	 00000011h   
VK_DECIMAL . . . . . . . . . . .	Number	 0000006Eh   
VK_DELETE  . . . . . . . . . . .	Number	 0000002Eh   
VK_DIVIDE  . . . . . . . . . . .	Number	 0000006Fh   
VK_DOWN  . . . . . . . . . . . .	Number	 00000028h   
VK_END . . . . . . . . . . . . .	Number	 00000023h   
VK_ESCAPE  . . . . . . . . . . .	Number	 0000001Bh   
VK_EXECUTE . . . . . . . . . . .	Number	 0000002Bh   
VK_F10 . . . . . . . . . . . . .	Number	 00000079h   
VK_F11 . . . . . . . . . . . . .	Number	 0000007Ah   
VK_F12 . . . . . . . . . . . . .	Number	 0000007Bh   
VK_F13 . . . . . . . . . . . . .	Number	 0000007Ch   
VK_F14 . . . . . . . . . . . . .	Number	 0000007Dh   
VK_F15 . . . . . . . . . . . . .	Number	 0000007Eh   
VK_F16 . . . . . . . . . . . . .	Number	 0000007Fh   
VK_F17 . . . . . . . . . . . . .	Number	 00000080h   
VK_F18 . . . . . . . . . . . . .	Number	 00000081h   
VK_F19 . . . . . . . . . . . . .	Number	 00000082h   
VK_F1  . . . . . . . . . . . . .	Number	 00000070h   
VK_F20 . . . . . . . . . . . . .	Number	 00000083h   
VK_F21 . . . . . . . . . . . . .	Number	 00000084h   
VK_F22 . . . . . . . . . . . . .	Number	 00000085h   
VK_F23 . . . . . . . . . . . . .	Number	 00000086h   
VK_F24 . . . . . . . . . . . . .	Number	 00000087h   
VK_F2  . . . . . . . . . . . . .	Number	 00000071h   
VK_F3  . . . . . . . . . . . . .	Number	 00000072h   
VK_F4  . . . . . . . . . . . . .	Number	 00000073h   
VK_F5  . . . . . . . . . . . . .	Number	 00000074h   
VK_F6  . . . . . . . . . . . . .	Number	 00000075h   
VK_F7  . . . . . . . . . . . . .	Number	 00000076h   
VK_F8  . . . . . . . . . . . . .	Number	 00000077h   
VK_F9  . . . . . . . . . . . . .	Number	 00000078h   
VK_HELP  . . . . . . . . . . . .	Number	 0000002Fh   
VK_HOME  . . . . . . . . . . . .	Number	 00000024h   
VK_INSERT  . . . . . . . . . . .	Number	 0000002Dh   
VK_LBUTTON . . . . . . . . . . .	Number	 00000001h   
VK_LCONTROL  . . . . . . . . . .	Number	 000000A2h   
VK_LEFT  . . . . . . . . . . . .	Number	 00000025h   
VK_LMENU . . . . . . . . . . . .	Number	 000000A4h   
VK_LSHIFT  . . . . . . . . . . .	Number	 000000A0h   
VK_MENU  . . . . . . . . . . . .	Number	 00000012h   
VK_MULTIPLY  . . . . . . . . . .	Number	 0000006Ah   
VK_NEXT  . . . . . . . . . . . .	Number	 00000022h   
VK_NUMLOCK . . . . . . . . . . .	Number	 00000090h   
VK_NUMPAD0 . . . . . . . . . . .	Number	 00000060h   
VK_NUMPAD1 . . . . . . . . . . .	Number	 00000061h   
VK_NUMPAD2 . . . . . . . . . . .	Number	 00000062h   
VK_NUMPAD3 . . . . . . . . . . .	Number	 00000063h   
VK_NUMPAD4 . . . . . . . . . . .	Number	 00000064h   
VK_NUMPAD5 . . . . . . . . . . .	Number	 00000065h   
VK_NUMPAD6 . . . . . . . . . . .	Number	 00000066h   
VK_NUMPAD7 . . . . . . . . . . .	Number	 00000067h   
VK_NUMPAD8 . . . . . . . . . . .	Number	 00000068h   
VK_NUMPAD9 . . . . . . . . . . .	Number	 00000069h   
VK_PAUSE . . . . . . . . . . . .	Number	 00000013h   
VK_PRINT . . . . . . . . . . . .	Number	 0000002Ah   
VK_PRIOR . . . . . . . . . . . .	Number	 00000021h   
VK_RBUTTON . . . . . . . . . . .	Number	 00000002h   
VK_RCONTROL  . . . . . . . . . .	Number	 000000A3h   
VK_RETURN  . . . . . . . . . . .	Number	 0000000Dh   
VK_RIGHT . . . . . . . . . . . .	Number	 00000027h   
VK_RMENU . . . . . . . . . . . .	Number	 000000A5h   
VK_RSHIFT  . . . . . . . . . . .	Number	 000000A1h   
VK_SCROLL  . . . . . . . . . . .	Number	 00000091h   
VK_SEPARATER . . . . . . . . . .	Number	 0000006Ch   
VK_SHIFT . . . . . . . . . . . .	Number	 00000010h   
VK_SNAPSHOT  . . . . . . . . . .	Number	 0000002Ch   
VK_SPACE . . . . . . . . . . . .	Number	 00000020h   
VK_SUBTRACT  . . . . . . . . . .	Number	 0000006Dh   
VK_TAB . . . . . . . . . . . . .	Number	 00000009h   
VK_UP  . . . . . . . . . . . . .	Number	 00000026h   
WINDOW_BUFFER_SIZE_EVENT . . . .	Number	 00000004h   
WriteConsoleOutputCharacter  . .	Text   	 WriteConsoleOutputCharacterA
WriteConsole . . . . . . . . . .	Text   	 WriteConsoleA
avgValues  . . . . . . . . . . .	DWord	 000003CD _DATA	
black  . . . . . . . . . . . . .	Number	 00000000h   
blue . . . . . . . . . . . . . .	Number	 00000001h   
brown  . . . . . . . . . . . . .	Number	 00000006h   
byePrompt  . . . . . . . . . . .	Byte	 000002F8 _DATA	
cBracket . . . . . . . . . . . .	Byte	 0000035A _DATA	
comma  . . . . . . . . . . . . .	Byte	 0000035C _DATA	
cyan . . . . . . . . . . . . . .	Number	 00000003h   
exit . . . . . . . . . . . . . .	Text   	 INVOKE ExitProcess,0
gray . . . . . . . . . . . . . .	Number	 00000008h   
green  . . . . . . . . . . . . .	Number	 00000002h   
greeting . . . . . . . . . . . .	Byte	 00000000 _DATA	
invalidNum . . . . . . . . . . .	Byte	 0000023A _DATA	
lightBlue  . . . . . . . . . . .	Number	 00000009h   
lightCyan  . . . . . . . . . . .	Number	 0000000Bh   
lightGray  . . . . . . . . . . .	Number	 00000007h   
lightGreen . . . . . . . . . . .	Number	 0000000Ah   
lightMagenta . . . . . . . . . .	Number	 0000000Dh   
lightRed . . . . . . . . . . . .	Number	 0000000Ch   
linebreak  . . . . . . . . . . .	Byte	 0000035F _DATA	
magenta  . . . . . . . . . . . .	Number	 00000005h   
numArray . . . . . . . . . . . .	DWord	 00000362 _DATA	
numAverage . . . . . . . . . . .	Byte	 000002CB _DATA	
numEntry . . . . . . . . . . . .	Byte	 00000218 _DATA	
numSum . . . . . . . . . . . . .	Byte	 000002A6 _DATA	
numsEntered  . . . . . . . . . .	Byte	 00000278 _DATA	
oBracket . . . . . . . . . . . .	Byte	 00000358 _DATA	
padding  . . . . . . . . . . . .	Byte	 000003B3 _DATA	
red  . . . . . . . . . . . . . .	Number	 00000004h   
runTotal . . . . . . . . . . . .	DWord	 000003C5 _DATA	
specialNum . . . . . . . . . . .	Byte	 0000038A _DATA	
subTotMsg  . . . . . . . . . . .	Byte	 0000032A _DATA	
sumValues  . . . . . . . . . . .	DWord	 000003C9 _DATA	
tempArray  . . . . . . . . . . .	Byte	 000003B8 _DATA	
tryAgain . . . . . . . . . . . .	Byte	 00000262 _DATA	
userString . . . . . . . . . . .	Byte	 000003A3 _DATA	
userVal  . . . . . . . . . . . .	DWord	 0000039F _DATA	
validVal . . . . . . . . . . . .	DWord	 0000039B _DATA	
white  . . . . . . . . . . . . .	Number	 0000000Fh   
wsprintf . . . . . . . . . . . .	Text   	 wsprintfA
yellow . . . . . . . . . . . . .	Number	 0000000Eh   

	   0 Warnings
	   0 Errors
